
MURUGAN@DESKTOP-J420CGP MINGW64 ~/Desktop/Mern stack (master)
$ git clone https://github.com/Prasathlonelyking/mernstack.git
Cloning into 'mernstack'...
remote: Enumerating objects: 48, done.
remote: Counting objects: 100% (48/48), done.
remote: Compressing objects: 100% (41/41), done.
remote: Total 48 (delta 0), reused 35 (delta 0), pack-reused 0 (from 0)
Receiving objects: 100% (48/48), 188.48 KiB | 16.00 KiB/s, done.

MURUGAN@DESKTOP-J420CGP MINGW64 ~/Desktop/Mern stack (master)
$ git status
On branch master
Your branch is ahead of 'origin/master' by 1 commit.
  (use "git push" to publish your local commits)

Changes not staged for commit:
  (use "git add <file>..." to update what will be committed)
  (use "git restore <file>..." to discard changes in working directory)
        modified:   Day1 (new commits)

Untracked files:
  (use "git add <file>..." to include in what will be committed)
        mernstack/

no changes added to commit (use "git add" and/or "git commit -a")

MURUGAN@DESKTOP-J420CGP MINGW64 ~/Desktop/Mern stack (master)
$ cd mernstack

MURUGAN@DESKTOP-J420CGP MINGW64 ~/Desktop/Mern stack/mernstack (master)
$ git status
On branch master
Your branch is up to date with 'origin/master'.

Untracked files:
  (use "git add <file>..." to include in what will be committed)
        Day 2/
        Day 3/
        Day 4/
        Day 5/
        Day1/

nothing added to commit but untracked files present (use "git add" to track)

MURUGAN@DESKTOP-J420CGP MINGW64 ~/Desktop/Mern stack/mernstack (master)
$ git add .
warning: in the working copy of 'Day 4/js5.html', LF will be replaced by CRLF the next time Git touches it
warning: in the working copy of 'Day 5/array.html', LF will be replaced by CRLF the next time Git touches it
warning: in the working copy of 'Day 5/change.html', LF will be replaced by CRLF the next time Git touches it
warning: in the working copy of 'Day 5/click.html', LF will be replaced by CRLF the next time Git touches it
warning: in the working copy of 'Day 5/http request method', LF will be replaced by CRLF the next time Git touches it
warning: in the working copy of 'Day 5/login.html', LF will be replaced by CRLF the next time Git touches it
warning: in the working copy of 'Day 5/promise.html', LF will be replaced by CRLF the next time Git touches it
warning: adding embedded git repository: Day1
hint: You've added another git repository inside your current repository.
hint: Clones of the outer repository will not contain the contents of
hint: the embedded repository and will not know how to obtain it.
hint: If you meant to add a submodule, use:
hint:
hint:   git submodule add <url> Day1
hint:
hint: If you added this path by mistake, you can remove it from the
hint: index with:
hint:
hint:   git rm --cached Day1
hint:
hint: See "git help submodule" for more information.
hint: Disable this message with "git config advice.addEmbeddedRepo false"

MURUGAN@DESKTOP-J420CGP MINGW64 ~/Desktop/Mern stack/mernstack (master)
$ git add .

MURUGAN@DESKTOP-J420CGP MINGW64 ~/Desktop/Mern stack/mernstack (master)
$ git status
On branch master
Your branch is up to date with 'origin/master'.

Changes to be committed:
  (use "git restore --staged <file>..." to unstage)
        new file:   Day 1/tags.html
        new file:   Day 1/tags2.html
        new file:   Day 2/github add a file to reprosary.txt
        new file:   Day 2/index.html
        new file:   Day 3/1.jpg
        new file:   Day 3/about.html
        new file:   Day 3/contact.html
        new file:   Day 3/css.html
        new file:   Day 3/home.html
        new file:   Day 3/style.css
        new file:   Day 4/button.html
        new file:   Day 4/calculator.html
        new file:   Day 4/j4.html
        new file:   Day 4/js.html
        new file:   Day 4/js2.html
        new file:   Day 4/js3.html
        new file:   Day 4/js5.html
        new file:   Day 4/text box color.html
        new file:   Day 5/array.html
        new file:   Day 5/change.html
        new file:   Day 5/click.html
        new file:   Day 5/http request method
        new file:   Day 5/login.html
        new file:   Day 5/promise.html


MURUGAN@DESKTOP-J420CGP MINGW64 ~/Desktop/Mern stack/mernstack (master)
$ git commit -m 'Day 1 to 5'
[master 0228fcf] Day 1 to 5
 24 files changed, 816 insertions(+)
 create mode 100644 Day 1/tags.html
 create mode 100644 Day 1/tags2.html
 create mode 100644 Day 2/github add a file to reprosary.txt
 create mode 100644 Day 2/index.html
 create mode 100644 Day 3/1.jpg
 create mode 100644 Day 3/about.html
 create mode 100644 Day 3/contact.html
 create mode 100644 Day 3/css.html
 create mode 100644 Day 3/home.html
 create mode 100644 Day 3/style.css
 create mode 100644 Day 4/button.html
 create mode 100644 Day 4/calculator.html
 create mode 100644 Day 4/j4.html
 create mode 100644 Day 4/js.html
 create mode 100644 Day 4/js2.html
 create mode 100644 Day 4/js3.html
 create mode 100644 Day 4/js5.html
 create mode 100644 Day 4/text box color.html
 create mode 100644 Day 5/array.html
 create mode 100644 Day 5/change.html
 create mode 100644 Day 5/click.html
 create mode 100644 Day 5/http request method
 create mode 100644 Day 5/login.html
 create mode 100644 Day 5/promise.html

MURUGAN@DESKTOP-J420CGP MINGW64 ~/Desktop/Mern stack/mernstack (master)
$ git push
Enumerating objects: 32, done.
Counting objects: 100% (32/32), done.
Delta compression using up to 2 threads
Compressing objects: 100% (31/31), done.
Writing objects: 100% (31/31), 16.19 KiB | 1.35 MiB/s, done.
Total 31 (delta 9), reused 1 (delta 0), pack-reused 0 (from 0)
remote: Resolving deltas: 100% (9/9), done.
To https://github.com/Prasathlonelyking/mernstack.git
   a44d236..0228fcf  master -> master

MURUGAN@DESKTOP-J420CGP MINGW64 ~/Desktop/Mern stack/mernstack (master)
$ git status
On branch master
Your branch is up to date with 'origin/master'.

nothing to commit, working tree clean

MURUGAN@DESKTOP-J420CGP MINGW64 ~/Desktop/Mern stack/mernstack (master)
$         new file:   Day 5/login.html
        new file:   Day 5/promise.html


MURUGAN@DESKTOP-J420CGP MINGW64 ~/Desktop/Mern stack/mernstack (master)
$ git commit -m 'Day 1 to 5'
[master 0228fcf] Day 1 to 5
 24 files changed, 816 insertions(+)
 create mode 100644 Day 1/tags.html
 create mode 100644 Day 1/tags2.html
 create mode 100644 Day 2/github add a file to reprosary.txt
 create mode 100644 Day 2/index.html
 create mode 100644 Day 3/1.jpg
 create mode 100644 Day 3/about.html
 create mode 100644 Day 3/contact.html
 create mode 100644 Day 3/css.html
 create mode 100644 Day 3/home.html
 create mode 100644 Day 3/style.css
 create mode 100644 Day 4/button.html
 create mode 100644 Day 4/calculator.html
 create mode 100644 Day 4/j4.html
 create mode 100644 Day 4/js.html
 create mode 100644 Day 4/js2.html
 create mode 100644 Day 4/js3.html
 create mode 100644 Day 4/js5.html
 create mode 100644 Day 4/text box color.html
 create mode 100644 Day 5/array.html
 create mode 100644 Day 5/change.html
 create mode 100644 Day 5/click.html
 create mode 100644 Day 5/http request method
 create mode 100644 Day 5/login.html
 create mode 100644 Day 5/promise.html

MURUGAN@DESKTOP-J420CGP MINGW64 ~/Desktop/Mern stack/mernstack (master)
$ git push
Enumerating objects: 32, done.
Counting objects: 100% (32/32), done.
Delta compression using up to 2 threads
Compressing objects: 100% (31/31), done.
$URUGAN@DESKTOP-J420CGP MINGW64 ~/Desktop/Mern stack/mernstack (master)

